// Jest Snapshot v1, https://goo.gl/fbAQLP

exports[`renders correctly 1`] = `
<DocumentFragment>
  <button
    class="button circle neutral enabled"
    data-testid="button"
  >
    Button
  </button>
</DocumentFragment>
`;
